// Jest Snapshot v1, https://goo.gl/fbAQLP

exports[`TimeBlock should render correctly 1`] = `ShallowWrapper {}`;
