// Jest Snapshot v1, https://goo.gl/fbAQLP

exports[`Calendar should render correctly 1`] = `ShallowWrapper {}`;
